2026-07-05T21:28:08.591285-0300 INFO Chamando função 'pipeline_calculo_kpi' com args ('data', ['csv']) e kwargs {} log.py
2026-07-05T21:28:08.591783-0300 INFO Chamando função 'extrair_dados' com args ('data',) e kwargs {} log.py
2026-07-05T21:28:08.622504-0300 INFO Função 'extrair_dados' retornou             Produto    Categoria  Quantidade  Venda        Data
0    Notebook Gamer  Eletrônicos           3   1500  2023-01-15
1     Mouse Sem Fio  Eletrônicos          10     30  2023-01-15
2  Teclado Mecânico  Eletrônicos           5    100  2023-01-15
3    Notebook Gamer  Eletrônicos           7   1500  2023-01-16
4     Mouse Sem Fio  Eletrônicos          10     30  2023-01-16
5  Teclado Mecânico  Eletrônicos           3    100  2023-01-16
6    Notebook Gamer  Eletrônicos           2   1500  2023-01-17
7     Mouse Sem Fio  Eletrônicos          14     30  2023-01-17
8  Teclado Mecânico  Eletrônicos           2    100  2023-01-17 log.py
2026-07-05T21:28:08.630067-0300 INFO Chamando função 'calcular_kpi_total_vendas' com args (            Produto    Categoria  Quantidade  Venda        Data
0    Notebook Gamer  Eletrônicos           3   1500  2023-01-15
1     Mouse Sem Fio  Eletrônicos          10     30  2023-01-15
2  Teclado Mecânico  Eletrônicos           5    100  2023-01-15
3    Notebook Gamer  Eletrônicos           7   1500  2023-01-16
4     Mouse Sem Fio  Eletrônicos          10     30  2023-01-16
5  Teclado Mecânico  Eletrônicos           3    100  2023-01-16
6    Notebook Gamer  Eletrônicos           2   1500  2023-01-17
7     Mouse Sem Fio  Eletrônicos          14     30  2023-01-17
8  Teclado Mecânico  Eletrônicos           2    100  2023-01-17,) e kwargs {} log.py
2026-07-05T21:28:08.631713-0300 INFO Função 'calcular_kpi_total_vendas' executada em 0.0013 segundos timer.py
2026-07-05T21:28:08.647325-0300 INFO Função 'calcular_kpi_total_vendas' retornou             Produto    Categoria  Quantidade  Venda        Data  Total
0    Notebook Gamer  Eletrônicos           3   1500  2023-01-15   4500
1     Mouse Sem Fio  Eletrônicos          10     30  2023-01-15    300
2  Teclado Mecânico  Eletrônicos           5    100  2023-01-15    500
3    Notebook Gamer  Eletrônicos           7   1500  2023-01-16  10500
4     Mouse Sem Fio  Eletrônicos          10     30  2023-01-16    300
5  Teclado Mecânico  Eletrônicos           3    100  2023-01-16    300
6    Notebook Gamer  Eletrônicos           2   1500  2023-01-17   3000
7     Mouse Sem Fio  Eletrônicos          14     30  2023-01-17    420
8  Teclado Mecânico  Eletrônicos           2    100  2023-01-17    200 log.py
2026-07-05T21:28:08.660836-0300 INFO Chamando função 'carregar_dados' com args (            Produto    Categoria  Quantidade  Venda        Data  Total
0    Notebook Gamer  Eletrônicos           3   1500  2023-01-15   4500
1     Mouse Sem Fio  Eletrônicos          10     30  2023-01-15    300
2  Teclado Mecânico  Eletrônicos           5    100  2023-01-15    500
3    Notebook Gamer  Eletrônicos           7   1500  2023-01-16  10500
4     Mouse Sem Fio  Eletrônicos          10     30  2023-01-16    300
5  Teclado Mecânico  Eletrônicos           3    100  2023-01-16    300
6    Notebook Gamer  Eletrônicos           2   1500  2023-01-17   3000
7     Mouse Sem Fio  Eletrônicos          14     30  2023-01-17    420
8  Teclado Mecânico  Eletrônicos           2    100  2023-01-17    200, ['csv', 'parquet']) e kwargs {} log.py
2026-07-05T21:28:08.769295-0300 INFO Função 'carregar_dados' retornou None log.py
2026-07-05T21:28:08.769715-0300 INFO Função 'pipeline_calculo_kpi' executada em 0.1779 segundos timer.py
2026-07-05T21:28:08.770284-0300 INFO Função 'pipeline_calculo_kpi' retornou None log.py
